// Jest Snapshot v1, https://goo.gl/fbAQLP

exports[`SideBarItem Snapshot matchs 1`] = `
<li
  className="item"
>
  <h2>
    test
  </h2>
  <p>
    <span
      className="dietary"
      data-testid="sideBarItem"
    >
      test
    </span>
  </p>
</li>
`;
